2026-07-03 14:56:28 [ERROR] MongoDB Connection Failed : querySrv ECONNREFUSED _mongodb._tcp.cluster0.zc7t6.mongodb.net
2026-07-03 14:56:55 [ERROR] MongoDB Connection Failed : querySrv ECONNREFUSED _mongodb._tcp.cluster0.zc7t6.mongodb.net
2026-07-03 14:57:19 [ERROR] MongoDB Connection Failed : querySrv ECONNREFUSED _mongodb._tcp.cluster0.zc7t6.mongodb.net
2026-07-03 14:57:43 [ERROR] MongoDB Connection Failed : querySrv ECONNREFUSED _mongodb._tcp.cluster0.zc7t6.mongodb.net
2026-07-03 15:19:16 [ERROR] MongoDB Connection Failed : querySrv ECONNREFUSED _mongodb._tcp.cluster0.zc7t6.mongodb.net
2026-07-03 15:19:21 [ERROR] MongoDB Connection Failed : querySrv ECONNREFUSED _mongodb._tcp.cluster0.zc7t6.mongodb.net
2026-07-03 15:20:53 [ERROR] MongoDB Connection Failed : querySrv ECONNREFUSED _mongodb._tcp.cluster0.zc7t6.mongodb.net
2026-07-03 15:23:55 [ERROR] MongoDB Connection Failed : querySrv ECONNREFUSED _mongodb._tcp.cluster0.zc7t6.mongodb.net
2026-07-03 15:24:49 [ERROR] MongoDB Connection Failed : querySrv ECONNREFUSED _mongodb._tcp.cluster0.zc7t6.mongodb.net
2026-07-03 15:27:41 [ERROR] MongoDB Connection Failed : querySrv ECONNREFUSED _mongodb._tcp.cluster0.zc7t6.mongodb.net
2026-07-03 15:29:10 [ERROR] MongoDB Connection Failed : querySrv ECONNREFUSED _mongodb._tcp.cluster0.zc7t6.mongodb.net
2026-07-03 15:30:31 [ERROR] MongoDB Connection Failed : querySrv ECONNREFUSED _mongodb._tcp.cluster0.zc7t6.mongodb.net
2026-07-03 15:30:38 [ERROR] MongoDB Connection Failed : querySrv ECONNREFUSED _mongodb._tcp.cluster0.zc7t6.mongodb.net
2026-07-03 15:30:43 [ERROR] MongoDB Connection Failed : querySrv ECONNREFUSED _mongodb._tcp.cluster0.zc7t6.mongodb.net
2026-07-03 15:30:49 [ERROR] MongoDB Connection Failed : querySrv ECONNREFUSED _mongodb._tcp.cluster0.zc7t6.mongodb.net
2026-07-03 15:30:50 [ERROR] MongoDB Connection Failed : querySrv ECONNREFUSED _mongodb._tcp.cluster0.zc7t6.mongodb.net
2026-07-03 15:31:15 [ERROR] MongoDB Connection Failed : querySrv ECONNREFUSED _mongodb._tcp.cluster0.zc7t6.mongodb.net
2026-07-03 15:31:24 [ERROR] MongoDB Connection Failed : querySrv ECONNREFUSED _mongodb._tcp.cluster0.zc7t6.mongodb.net
2026-07-03 15:31:37 [ERROR] MongoDB Connection Failed : querySrv ECONNREFUSED _mongodb._tcp.cluster0.zc7t6.mongodb.net
2026-07-03 15:31:40 [ERROR] MongoDB Connection Failed : querySrv ECONNREFUSED _mongodb._tcp.cluster0.zc7t6.mongodb.net
2026-07-03 15:31:43 [ERROR] MongoDB Connection Failed : querySrv ECONNREFUSED _mongodb._tcp.cluster0.zc7t6.mongodb.net
2026-07-03 15:31:45 [ERROR] MongoDB Connection Failed : querySrv ECONNREFUSED _mongodb._tcp.cluster0.zc7t6.mongodb.net
2026-07-03 15:31:49 [ERROR] MongoDB Connection Failed : querySrv ECONNREFUSED _mongodb._tcp.cluster0.zc7t6.mongodb.net
2026-07-03 15:32:02 [ERROR] MongoDB Connection Failed : querySrv ECONNREFUSED _mongodb._tcp.cluster0.zc7t6.mongodb.net
2026-07-03 15:32:06 [ERROR] MongoDB Connection Failed : querySrv ECONNREFUSED _mongodb._tcp.cluster0.zc7t6.mongodb.net
2026-07-03 15:32:40 [INFO] MongoDB Connected : cluster0-shard-00-02.zc7t6.mongodb.net
2026-07-03 15:32:53 [ERROR] MongoDB Connection Failed : querySrv ECONNREFUSED _mongodb._tcp.cluster0.zc7t6.mongodb.net
2026-07-03 15:34:10 [ERROR] MongoDB Connection Failed : querySrv ECONNREFUSED _mongodb._tcp.cluster0.zc7t6.mongodb.net
2026-07-03 15:34:35 [ERROR] MongoDB Connection Failed : querySrv ECONNREFUSED _mongodb._tcp.cluster0.zc7t6.mongodb.net
2026-07-03 21:25:20 [ERROR] MongoDB Connection Failed : querySrv ECONNREFUSED _mongodb._tcp.cluster0.zc7t6.mongodb.net
2026-07-08 13:31:21 [ERROR] MongoDB Connection Failed : querySrv ECONNREFUSED _mongodb._tcp.cluster0.zc7t6.mongodb.net
2026-07-08 13:40:31 [ERROR] MongoDB Connection Failed : querySrv ECONNREFUSED _mongodb._tcp.cluster0.zc7t6.mongodb.net
2026-07-08 13:45:18 [ERROR] MongoDB Connection Failed : querySrv ECONNREFUSED _mongodb._tcp.cluster0.zc7t6.mongodb.net
2026-07-08 13:51:43 [ERROR] MongoDB Connection Failed : querySrv ECONNREFUSED _mongodb._tcp.cluster0.zc7t6.mongodb.net
2026-07-08 13:58:23 [ERROR] MongoDB Connection Failed : querySrv ECONNREFUSED _mongodb._tcp.cluster0.zc7t6.mongodb.net
2026-07-08 13:59:52 [ERROR] MongoDB Connection Failed : querySrv ECONNREFUSED _mongodb._tcp.cluster0.zc7t6.mongodb.net
2026-07-08 14:06:49 [INFO] MongoDB Connected : cluster0-shard-00-00.zc7t6.mongodb.net
2026-07-08 14:06:49 [INFO] Server running on http://localhost:8888
2026-07-08 14:07:23 [HTTP] ::1 - - [08/Jul/2026:08:37:23 +0000] "POST /api/contact HTTP/1.1" 400 340 "http://localhost:5174/" "Mozilla/5.0 (Windows NT 10.0; Win64; x64) AppleWebKit/537.36 (KHTML, like Gecko) Code/1.127.0 Chrome/148.0.7778.97 Electron/42.2.0 Safari/537.36"
2026-07-08 14:07:23 [HTTP] ::1 - - [08/Jul/2026:08:37:23 +0000] "POST /api/contact HTTP/1.1" 400 340 "http://localhost:5174/" "Mozilla/5.0 (Windows NT 10.0; Win64; x64) AppleWebKit/537.36 (KHTML, like Gecko) Code/1.127.0 Chrome/148.0.7778.97 Electron/42.2.0 Safari/537.36"
2026-07-08 14:07:24 [HTTP] ::1 - - [08/Jul/2026:08:37:24 +0000] "POST /api/contact HTTP/1.1" 400 340 "http://localhost:5174/" "Mozilla/5.0 (Windows NT 10.0; Win64; x64) AppleWebKit/537.36 (KHTML, like Gecko) Code/1.127.0 Chrome/148.0.7778.97 Electron/42.2.0 Safari/537.36"
2026-07-08 14:07:24 [HTTP] ::1 - - [08/Jul/2026:08:37:24 +0000] "POST /api/contact HTTP/1.1" 400 340 "http://localhost:5174/" "Mozilla/5.0 (Windows NT 10.0; Win64; x64) AppleWebKit/537.36 (KHTML, like Gecko) Code/1.127.0 Chrome/148.0.7778.97 Electron/42.2.0 Safari/537.36"
2026-07-08 14:07:24 [HTTP] ::1 - - [08/Jul/2026:08:37:24 +0000] "POST /api/contact HTTP/1.1" 400 340 "http://localhost:5174/" "Mozilla/5.0 (Windows NT 10.0; Win64; x64) AppleWebKit/537.36 (KHTML, like Gecko) Code/1.127.0 Chrome/148.0.7778.97 Electron/42.2.0 Safari/537.36"
2026-07-08 14:07:24 [HTTP] ::1 - - [08/Jul/2026:08:37:24 +0000] "POST /api/contact HTTP/1.1" 429 83 "http://localhost:5174/" "Mozilla/5.0 (Windows NT 10.0; Win64; x64) AppleWebKit/537.36 (KHTML, like Gecko) Code/1.127.0 Chrome/148.0.7778.97 Electron/42.2.0 Safari/537.36"
2026-07-08 14:07:24 [HTTP] ::1 - - [08/Jul/2026:08:37:24 +0000] "POST /api/contact HTTP/1.1" 429 83 "http://localhost:5174/" "Mozilla/5.0 (Windows NT 10.0; Win64; x64) AppleWebKit/537.36 (KHTML, like Gecko) Code/1.127.0 Chrome/148.0.7778.97 Electron/42.2.0 Safari/537.36"
2026-07-08 14:07:24 [HTTP] ::1 - - [08/Jul/2026:08:37:24 +0000] "POST /api/contact HTTP/1.1" 429 83 "http://localhost:5174/" "Mozilla/5.0 (Windows NT 10.0; Win64; x64) AppleWebKit/537.36 (KHTML, like Gecko) Code/1.127.0 Chrome/148.0.7778.97 Electron/42.2.0 Safari/537.36"
2026-07-08 14:07:25 [HTTP] ::1 - - [08/Jul/2026:08:37:25 +0000] "POST /api/contact HTTP/1.1" 429 83 "http://localhost:5174/" "Mozilla/5.0 (Windows NT 10.0; Win64; x64) AppleWebKit/537.36 (KHTML, like Gecko) Code/1.127.0 Chrome/148.0.7778.97 Electron/42.2.0 Safari/537.36"
2026-07-08 14:11:37 [INFO] MongoDB Connected : cluster0-shard-00-00.zc7t6.mongodb.net
2026-07-08 14:11:37 [INFO] Server running on http://localhost:8888
2026-07-08 14:31:59 [HTTP] ::1 - - [08/Jul/2026:09:01:59 +0000] "POST /api/contact HTTP/1.1" 400 136 "http://localhost:5173/" "Mozilla/5.0 (Windows NT 10.0; Win64; x64) AppleWebKit/537.36 (KHTML, like Gecko) Code/1.127.0 Chrome/148.0.7778.97 Electron/42.2.0 Safari/537.36"
2026-07-08 14:32:10 [INFO] New contact submitted by yasg@gmail.com
2026-07-08 14:32:10 [HTTP] ::1 - - [08/Jul/2026:09:02:10 +0000] "POST /api/contact HTTP/1.1" 201 358 "http://localhost:5173/" "Mozilla/5.0 (Windows NT 10.0; Win64; x64) AppleWebKit/537.36 (KHTML, like Gecko) Code/1.127.0 Chrome/148.0.7778.97 Electron/42.2.0 Safari/537.36"
2026-07-08 14:32:16 [HTTP] ::1 - - [08/Jul/2026:09:02:16 +0000] "GET /api/admin/contacts HTTP/1.1" 200 318 "http://localhost:5173/" "Mozilla/5.0 (Windows NT 10.0; Win64; x64) AppleWebKit/537.36 (KHTML, like Gecko) Code/1.127.0 Chrome/148.0.7778.97 Electron/42.2.0 Safari/537.36"
2026-07-08 14:32:16 [HTTP] ::1 - - [08/Jul/2026:09:02:16 +0000] "GET /api/admin/contacts HTTP/1.1" 304 - "http://localhost:5173/" "Mozilla/5.0 (Windows NT 10.0; Win64; x64) AppleWebKit/537.36 (KHTML, like Gecko) Code/1.127.0 Chrome/148.0.7778.97 Electron/42.2.0 Safari/537.36"
2026-07-08 15:29:03 [INFO] MongoDB Connected : cluster0-shard-00-00.zc7t6.mongodb.net
2026-07-08 15:29:03 [INFO] Server running on http://localhost:8888
2026-07-08 15:30:49 [HTTP] ::1 - - [08/Jul/2026:10:00:49 +0000] "GET /api/admin/contacts HTTP/1.1" 200 318 "http://localhost:5173/" "Mozilla/5.0 (Windows NT 10.0; Win64; x64) AppleWebKit/537.36 (KHTML, like Gecko) Chrome/149.0.0.0 Safari/537.36"
2026-07-08 15:30:49 [HTTP] ::1 - - [08/Jul/2026:10:00:49 +0000] "GET /api/admin/contacts HTTP/1.1" 304 - "http://localhost:5173/" "Mozilla/5.0 (Windows NT 10.0; Win64; x64) AppleWebKit/537.36 (KHTML, like Gecko) Chrome/149.0.0.0 Safari/537.36"
2026-07-08 15:53:56 [INFO] MongoDB Connected : cluster0-shard-00-00.zc7t6.mongodb.net
2026-07-08 15:53:56 [INFO] Server running on http://localhost:8888
2026-07-08 17:28:22 [HTTP] ::1 - - [08/Jul/2026:11:58:22 +0000] "GET /api/admin/contacts HTTP/1.1" 200 325 "http://localhost:5173/" "Mozilla/5.0 (Windows NT 10.0; Win64; x64) AppleWebKit/537.36 (KHTML, like Gecko) Code/1.127.0 Chrome/148.0.7778.97 Electron/42.2.0 Safari/537.36"
2026-07-08 17:28:22 [HTTP] ::1 - - [08/Jul/2026:11:58:22 +0000] "GET /api/admin/contacts HTTP/1.1" 304 - "http://localhost:5173/" "Mozilla/5.0 (Windows NT 10.0; Win64; x64) AppleWebKit/537.36 (KHTML, like Gecko) Code/1.127.0 Chrome/148.0.7778.97 Electron/42.2.0 Safari/537.36"
2026-07-08 17:36:19 [HTTP] ::1 - - [08/Jul/2026:12:06:19 +0000] "GET /api/admin/contacts HTTP/1.1" 200 325 "-" "Mozilla/5.0 (Windows NT 10.0; Win64; x64) AppleWebKit/537.36 (KHTML, like Gecko) Chrome/149.0.0.0 Safari/537.36"
2026-07-08 17:37:31 [HTTP] ::1 - - [08/Jul/2026:12:07:31 +0000] "GET /api/admin/contacts HTTP/1.1" 304 - "-" "Mozilla/5.0 (Windows NT 10.0; Win64; x64) AppleWebKit/537.36 (KHTML, like Gecko) Chrome/149.0.0.0 Safari/537.36"
2026-07-08 21:40:08 [HTTP] ::1 - - [08/Jul/2026:16:10:08 +0000] "GET /api/admin/contacts HTTP/1.1" 304 - "-" "Mozilla/5.0 (Windows NT 10.0; Win64; x64) AppleWebKit/537.36 (KHTML, like Gecko) Chrome/149.0.0.0 Safari/537.36"
2026-07-08 21:41:05 [HTTP] ::1 - - [08/Jul/2026:16:11:05 +0000] "GET /api/admin/contacts HTTP/1.1" 304 - "-" "Mozilla/5.0 (Windows NT 10.0; Win64; x64) AppleWebKit/537.36 (KHTML, like Gecko) Chrome/149.0.0.0 Safari/537.36"
2026-07-08 21:45:32 [HTTP] ::1 - - [08/Jul/2026:16:15:32 +0000] "GET /api/admin/contacts HTTP/1.1" 304 - "-" "Mozilla/5.0 (Windows NT 10.0; Win64; x64) AppleWebKit/537.36 (KHTML, like Gecko) Chrome/149.0.0.0 Safari/537.36"
2026-07-08 21:45:46 [HTTP] ::1 - - [08/Jul/2026:16:15:46 +0000] "GET /api/admin/contacts HTTP/1.1" 304 - "-" "Mozilla/5.0 (Windows NT 10.0; Win64; x64) AppleWebKit/537.36 (KHTML, like Gecko) Chrome/149.0.0.0 Safari/537.36"
2026-07-08 21:46:00 [HTTP] ::1 - - [08/Jul/2026:16:16:00 +0000] "GET /api/admin/contacts HTTP/1.1" 304 - "-" "Mozilla/5.0 (Windows NT 10.0; Win64; x64) AppleWebKit/537.36 (KHTML, like Gecko) Chrome/149.0.0.0 Safari/537.36"
2026-07-08 21:46:59 [INFO] New contact submitted by yashwantbhardwaj7988810@gmail.com
2026-07-08 21:46:59 [HTTP] ::1 - - [08/Jul/2026:16:16:59 +0000] "POST /api/contact HTTP/1.1" 201 321 "-" "Mozilla/5.0 (Windows NT 10.0; Win64; x64) AppleWebKit/537.36 (KHTML, like Gecko) Chrome/149.0.0.0 Safari/537.36"
2026-07-08 21:47:02 [HTTP] ::1 - - [08/Jul/2026:16:17:02 +0000] "GET /api/admin/contacts HTTP/1.1" 200 571 "-" "Mozilla/5.0 (Windows NT 10.0; Win64; x64) AppleWebKit/537.36 (KHTML, like Gecko) Chrome/149.0.0.0 Safari/537.36"
2026-07-08 22:04:55 [HTTP] ::1 - - [08/Jul/2026:16:34:55 +0000] "GET /api/admin/contacts HTTP/1.1" 304 - "-" "Mozilla/5.0 (Windows NT 10.0; Win64; x64) AppleWebKit/537.36 (KHTML, like Gecko) Chrome/149.0.0.0 Safari/537.36"
2026-07-09 08:34:39 [HTTP] ::1 - - [09/Jul/2026:03:04:39 +0000] "GET /api/admin/contacts HTTP/1.1" 304 - "-" "Mozilla/5.0 (Windows NT 10.0; Win64; x64) AppleWebKit/537.36 (KHTML, like Gecko) Chrome/149.0.0.0 Safari/537.36"
